node_modules/next/dist/build/templates/app-page.d.ts(10,40): error TS2307: Cannot find module 'VAR_MODULE_GLOBAL_ERROR' or its corresponding type declarations.
node_modules/next/dist/build/webpack-config.d.ts(11,104): error TS2694: Namespace '"C:/Users/jacho/OneDrive/Escritorio/apk/Quiova/node_modules/next/dist/compiled/webpack/webpack".webpack' has no exported member 'RuleSetUseItem'.
node_modules/next/dist/build/webpack/loaders/next-app-loader.d.ts(1,13): error TS2613: Module '"C:/Users/jacho/OneDrive/Escritorio/apk/Quiova/node_modules/next/dist/compiled/webpack/webpack"' has no default export. Did you mean to use 'import { webpack } from "C:/Users/jacho/OneDrive/Escritorio/apk/Quiova/node_modules/next/dist/compiled/webpack/webpack"' instead?
node_modules/next/dist/build/webpack/plugins/define-env-plugin.d.ts(26,86): error TS2694: Namespace '"C:/Users/jacho/OneDrive/Escritorio/apk/Quiova/node_modules/next/dist/compiled/webpack/webpack".webpack' has no exported member 'DefinePlugin'.
node_modules/next/dist/client/components/error-boundary.d.ts(1,8): error TS1259: Module '"C:/Users/jacho/OneDrive/Escritorio/apk/Quiova/node_modules/@types/react/index"' can only be default-imported using the 'esModuleInterop' flag
node_modules/next/dist/client/components/layout-router.d.ts(3,8): error TS1259: Module '"C:/Users/jacho/OneDrive/Escritorio/apk/Quiova/node_modules/@types/react/index"' can only be default-imported using the 'esModuleInterop' flag
node_modules/next/dist/client/components/not-found-boundary.d.ts(1,8): error TS1259: Module '"C:/Users/jacho/OneDrive/Escritorio/apk/Quiova/node_modules/@types/react/index"' can only be default-imported using the 'esModuleInterop' flag
node_modules/next/dist/client/with-router.d.ts(1,8): error TS1259: Module '"C:/Users/jacho/OneDrive/Escritorio/apk/Quiova/node_modules/@types/react/index"' can only be default-imported using the 'esModuleInterop' flag
node_modules/next/dist/server/app-render/entry-base.d.ts(1,85): error TS2307: Cannot find module 'react-server-dom-webpack/server.edge' or its corresponding type declarations.
node_modules/next/dist/server/render.d.ts(17,8): error TS1259: Module '"C:/Users/jacho/OneDrive/Escritorio/apk/Quiova/node_modules/@types/react/index"' can only be default-imported using the 'esModuleInterop' flag
node_modules/next/dist/shared/lib/amp-context.shared-runtime.d.ts(1,8): error TS1259: Module '"C:/Users/jacho/OneDrive/Escritorio/apk/Quiova/node_modules/@types/react/index"' can only be default-imported using the 'esModuleInterop' flag
node_modules/next/dist/shared/lib/app-router-context.shared-runtime.d.ts(4,8): error TS1259: Module '"C:/Users/jacho/OneDrive/Escritorio/apk/Quiova/node_modules/@types/react/index"' can only be default-imported using the 'esModuleInterop' flag
node_modules/next/dist/shared/lib/head-manager-context.shared-runtime.d.ts(1,8): error TS1259: Module '"C:/Users/jacho/OneDrive/Escritorio/apk/Quiova/node_modules/@types/react/index"' can only be default-imported using the 'esModuleInterop' flag
node_modules/next/dist/shared/lib/image-config-context.shared-runtime.d.ts(1,8): error TS1259: Module '"C:/Users/jacho/OneDrive/Escritorio/apk/Quiova/node_modules/@types/react/index"' can only be default-imported using the 'esModuleInterop' flag
node_modules/next/dist/shared/lib/loadable-context.shared-runtime.d.ts(1,8): error TS1259: Module '"C:/Users/jacho/OneDrive/Escritorio/apk/Quiova/node_modules/@types/react/index"' can only be default-imported using the 'esModuleInterop' flag
node_modules/next/dist/shared/lib/loadable.shared-runtime.d.ts(21,8): error TS1259: Module '"C:/Users/jacho/OneDrive/Escritorio/apk/Quiova/node_modules/@types/react/index"' can only be default-imported using the 'esModuleInterop' flag
node_modules/next/dist/shared/lib/router-context.shared-runtime.d.ts(1,8): error TS1259: Module '"C:/Users/jacho/OneDrive/Escritorio/apk/Quiova/node_modules/@types/react/index"' can only be default-imported using the 'esModuleInterop' flag
node_modules/next/dist/shared/lib/server-inserted-html.shared-runtime.d.ts(1,8): error TS1259: Module '"C:/Users/jacho/OneDrive/Escritorio/apk/Quiova/node_modules/@types/react/index"' can only be default-imported using the 'esModuleInterop' flag
node_modules/next/dist/shared/lib/utils.d.ts(12,13): error TS1192: Module '"fs"' has no default export.
node_modules/next/types/index.d.ts(10,13): error TS1259: Module '"C:/Users/jacho/OneDrive/Escritorio/apk/Quiova/node_modules/@types/react/index"' can only be default-imported using the 'esModuleInterop' flag
node_modules/sonner/dist/index.d.ts(1,8): error TS1259: Module '"C:/Users/jacho/OneDrive/Escritorio/apk/Quiova/node_modules/@types/react/index"' can only be default-imported using the 'esModuleInterop' flag
src/app/apps/debate/[id]/page.tsx(4,26): error TS2307: Cannot find module '@/lib/supabase' or its corresponding type declarations.
src/app/apps/debate/[id]/page.tsx(6,28): error TS2307: Cannot find module '@/components/apps/debate/vote-dialog' or its corresponding type declarations.
src/app/apps/debate/[id]/page.tsx(7,36): error TS2307: Cannot find module '@/components/apps/debate/debate-invite-dialog' or its corresponding type declarations.
src/app/apps/debate/[id]/page.tsx(8,24): error TS2307: Cannot find module '@/components/ui/button' or its corresponding type declarations.
src/app/apps/debate/[id]/page.tsx(9,23): error TS2307: Cannot find module '@/components/ui/input' or its corresponding type declarations.
src/app/apps/debate/[id]/page.tsx(10,23): error TS2307: Cannot find module '@/components/ui/badge' or its corresponding type declarations.
src/app/apps/debate/[id]/page.tsx(11,53): error TS2307: Cannot find module '@/components/ui/avatar' or its corresponding type declarations.
src/app/apps/debate/[id]/page.tsx(12,22): error TS2307: Cannot find module '@/components/ui/card' or its corresponding type declarations.
src/app/apps/debate/[id]/page.tsx(13,28): error TS2307: Cannot find module '@/components/ui/scroll-area' or its corresponding type declarations.
src/app/apps/debate/[id]/page.tsx(15,20): error TS2307: Cannot find module '@/lib/utils' or its corresponding type declarations.
src/app/apps/debate/[id]/page.tsx(63,11): error TS2451: Cannot redeclare block-scoped variable 'scores'.
src/app/apps/debate/[id]/page.tsx(66,33): error TS2339: Property 'reactions' does not exist on type 'Message'.
src/app/apps/debate/[id]/page.tsx(172,24): error TS2339: Property 'reactions' does not exist on type 'Message'.
src/app/apps/debate/[id]/page.tsx(203,48): error TS2339: Property 'reactions' does not exist on type 'Message'.
src/app/apps/debate/[id]/page.tsx(279,13): error TS2304: Cannot find name 'timerRef'.
src/app/apps/debate/[id]/page.tsx(293,17): error TS2304: Cannot find name 'timerRef'.
src/app/apps/debate/[id]/page.tsx(293,49): error TS2304: Cannot find name 'timerRef'.
src/app/apps/debate/[id]/page.tsx(441,11): error TS2451: Cannot redeclare block-scoped variable 'scores'.
src/app/apps/debate/[id]/page.tsx(444,33): error TS2339: Property 'reactions' does not exist on type 'Message'.
src/app/apps/debate/[id]/page.tsx(725,76): error TS2339: Property 'reactions' does not exist on type 'Message'.
src/app/apps/debate/[id]/page.tsx(726,81): error TS2339: Property 'reactions' does not exist on type 'Message'.
src/app/apps/debate/[id]/page.tsx(745,92): error TS2339: Property 'reactions' does not exist on type 'Message'.
